module type S  = sig type 'a t val f : int -> 'a t -> 'a t end[@@deriving
                                                                mica_types]
include
  struct
    type expr =
      | F of int * expr 
    type ty =
      | IntT 
    let gen_expr ty =
      let open Core.Quickcheck.Generator in
        let open Let_syntax in
          [%bind let x = small_non_negative_int in return x]
  end[@@ocaml.doc "@inline"][@@merlin.hide ]
